counter foo 4 2017-10-03T20:14:42Z
counter bar 2 2017-10-03T20:14:42Z
