counter someas 3 2017-12-07T16:07:14Z
counter notas 2 2017-12-07T16:07:14Z
counter total 5 2017-12-07T16:07:14Z
