counter hit 1 2016-04-25T20:14:42Z
counter miss 2 2016-04-25T20:14:42Z
gauge response_time 50000 2016-04-25T20:14:42Z
