counter yes 1 2016-04-25T20:14:42Z
counter maybe 2 2016-04-25T20:14:42Z
counter no 3 2016-04-25T20:14:42Z
