counter f {s=ab} 1 2017-10-03T20:14:42Z
counter f {s=cd} 1 2017-10-03T20:14:42Z
