text str a 2018-06-16T03:37:54Z
counter b {foo=b} 1 2018-06-16T03:37:54Z

