counter a 3 2018-06-10T00:32:42Z
counter b 3 2018-06-10T00:32:42Z
counter c 3 2018-06-10T00:32:42Z
